<div class="bn-image-block-content-wrapper" style="align-items: flex-start;"><div class="bn-add-image-button" style="display: none;"><div class="bn-add-image-button-icon"></div><p class="bn-add-image-button-text"></p></div><div class="bn-image-and-caption-wrapper"><div class="bn-image-wrapper"><img class="bn-image" src="exampleURL" alt="placeholder" draggable="false" style="width: 0px;"><div class="bn-image-resize-handle" style="left: 4px;"></div><div class="bn-image-resize-handle" style="right: 4px;"></div></div><p class="bn-image-caption" style="padding: 4px;"></p></div></div><div class="bn-image-block-content-wrapper" style="align-items: flex-start;"><div class="bn-add-image-button" style="display: none;"><div class="bn-add-image-button-icon"></div><p class="bn-add-image-button-text"></p></div><div class="bn-image-and-caption-wrapper"><div class="bn-image-wrapper"><img class="bn-image" src="exampleURL" alt="placeholder" draggable="false" style="width: 0px;"><div class="bn-image-resize-handle" style="left: 4px;"></div><div class="bn-image-resize-handle" style="right: 4px;"></div></div><p class="bn-image-caption" style="padding: 4px;"></p></div></div>