<div class="bn-image-block-content-wrapper" style="align-items: flex-start;"><div class="bn-add-image-button"><div class="bn-add-image-button-icon"></div><p class="bn-add-image-button-text"></p></div><div class="bn-image-and-caption-wrapper" style="display: none;"><div class="bn-image-wrapper" style="display: none;"><img class="bn-image" src="" alt="placeholder" draggable="false" style="width: 0px;"><div class="bn-image-resize-handle" style="left: 4px;"></div><div class="bn-image-resize-handle" style="right: 4px;"></div></div><p class="bn-image-caption"></p></div></div>